              total        used        free      shared  buff/cache   available
Mem:           926M        272M        316M         20M        337M        580M
Swap:           99M          0B         99M
              total        used        free      shared  buff/cache   available
Mem:           926M        274M        314M         20M        337M        579M
Swap:           99M          0B         99M
              total        used        free      shared  buff/cache   available
Mem:           926M        313M        204M         20M        407M        539M
Swap:           99M          0B         99M
              total        used        free      shared  buff/cache   available
Mem:           926M        316M        197M         20M        412M        536M
Swap:           99M          0B         99M
              total        used        free      shared  buff/cache   available
Mem:           926M        318M        190M         20M        416M        534M
Swap:           99M          0B         99M
              total        used        free      shared  buff/cache   available
Mem:           926M        321M        184M         20M        420M        531M
Swap:           99M          0B         99M
              total        used        free      shared  buff/cache   available
Mem:           926M        324M        180M         20M        420M        528M
Swap:           99M          0B         99M
              total        used        free      shared  buff/cache   available
Mem:           926M        322M        182M         20M        420M        530M
Swap:           99M          0B         99M
              total        used        free      shared  buff/cache   available
Mem:           926M        343M        153M         20M        429M        509M
Swap:           99M          0B         99M
              total        used        free      shared  buff/cache   available
Mem:           926M        344M        147M         20M        433M        507M
Swap:           99M          0B         99M
              total        used        free      shared  buff/cache   available
Mem:           926M        344M        139M         20M        442M        508M
Swap:           99M          0B         99M
              total        used        free      shared  buff/cache   available
Mem:           926M        344M        130M         20M        451M        507M
Swap:           99M          0B         99M
              total        used        free      shared  buff/cache   available
Mem:           926M        344M        120M         20M        460M        507M
Swap:           99M          0B         99M
              total        used        free      shared  buff/cache   available
Mem:           926M        346M        111M         20M        468M        506M
Swap:           99M          0B         99M
              total        used        free      shared  buff/cache   available
Mem:           926M        347M         99M         20M        478M        505M
Swap:           99M          0B         99M
              total        used        free      shared  buff/cache   available
Mem:           926M        359M         69M         20M        496M        492M
Swap:           99M          0B         99M
              total        used        free      shared  buff/cache   available
Mem:           926M        374M         45M         20M        506M        477M
Swap:           99M        256K         99M
              total        used        free      shared  buff/cache   available
Mem:           926M        381M         45M         20M        499M        471M
Swap:           99M        768K         99M
              total        used        free      shared  buff/cache   available
Mem:           926M        382M         44M         20M        499M        470M
Swap:           99M        768K         99M
              total        used        free      shared  buff/cache   available
Mem:           926M        382M         44M         20M        498M        469M
Swap:           99M        768K         99M
              total        used        free      shared  buff/cache   available
Mem:           926M        384M         42M         20M        499M        467M
Swap:           99M        768K         99M
              total        used        free      shared  buff/cache   available
Mem:           926M        385M         46M         20M        494M        467M
Swap:           99M        768K         99M
              total        used        free      shared  buff/cache   available
Mem:           926M        384M         44M         20M        496M        467M
Swap:           99M        768K         99M
              total        used        free      shared  buff/cache   available
Mem:           926M        383M         43M         20M        499M        468M
Swap:           99M        768K         99M
              total        used        free      shared  buff/cache   available
Mem:           926M        386M         45M         20M        494M        465M
Swap:           99M        768K         99M
              total        used        free      shared  buff/cache   available
Mem:           926M        385M         43M         20M        497M        466M
Swap:           99M        768K         99M
              total        used        free      shared  buff/cache   available
Mem:           926M        386M         46M         20M        493M        465M
Swap:           99M        768K         99M
              total        used        free      shared  buff/cache   available
Mem:           926M        384M         46M         20M        495M        468M
Swap:           99M        768K         99M
              total        used        free      shared  buff/cache   available
Mem:           926M        385M         44M         20M        495M        466M
Swap:           99M        768K         99M
              total        used        free      shared  buff/cache   available
Mem:           926M        384M         45M         20M        495M        468M
Swap:           99M        768K         99M
              total        used        free      shared  buff/cache   available
Mem:           926M        384M         48M         20M        493M        467M
Swap:           99M        1.0M         98M
              total        used        free      shared  buff/cache   available
Mem:           926M        386M         43M         20M        495M        465M
Swap:           99M        1.0M         98M
              total        used        free      shared  buff/cache   available
Mem:           926M        385M         45M         20M        495M        467M
Swap:           99M        1.0M         98M
              total        used        free      shared  buff/cache   available
Mem:           926M        386M         43M         20M        495M        465M
Swap:           99M        1.0M         98M
              total        used        free      shared  buff/cache   available
Mem:           926M        386M         43M         20M        495M        465M
Swap:           99M        1.0M         98M
              total        used        free      shared  buff/cache   available
Mem:           926M        386M         43M         20M        495M        465M
Swap:           99M        1.0M         98M
              total        used        free      shared  buff/cache   available
Mem:           926M        384M         45M         20M        495M        467M
Swap:           99M        1.0M         98M
              total        used        free      shared  buff/cache   available
Mem:           926M        385M         45M         20M        495M        467M
Swap:           99M        1.0M         98M
              total        used        free      shared  buff/cache   available
Mem:           926M        386M         44M         20M        495M        466M
Swap:           99M        1.0M         98M
              total        used        free      shared  buff/cache   available
Mem:           926M        384M         45M         20M        495M        467M
Swap:           99M        1.0M         98M
              total        used        free      shared  buff/cache   available
Mem:           926M        385M         44M         20M        495M        466M
Swap:           99M        1.0M         98M
              total        used        free      shared  buff/cache   available
Mem:           926M        385M         44M         20M        495M        466M
Swap:           99M        1.0M         98M
              total        used        free      shared  buff/cache   available
Mem:           926M        386M         44M         20M        495M        466M
Swap:           99M        1.0M         98M
              total        used        free      shared  buff/cache   available
Mem:           926M        386M         43M         20M        495M        465M
Swap:           99M        1.0M         98M
              total        used        free      shared  buff/cache   available
Mem:           926M        386M         43M         20M        496M        465M
Swap:           99M        1.0M         98M
              total        used        free      shared  buff/cache   available
Mem:           926M        387M         41M         20M        496M        464M
Swap:           99M        1.0M         98M
              total        used        free      shared  buff/cache   available
Mem:           926M        387M         41M         20M        496M        464M
Swap:           99M        1.0M         98M
              total        used        free      shared  buff/cache   available
Mem:           926M        389M         47M         20M        489M        463M
Swap:           99M        1.2M         98M
              total        used        free      shared  buff/cache   available
Mem:           926M        387M         48M         20M        490M        464M
Swap:           99M        1.2M         98M
              total        used        free      shared  buff/cache   available
Mem:           926M        388M         47M         20M        489M        463M
Swap:           99M        1.2M         98M
              total        used        free      shared  buff/cache   available
Mem:           926M        504M         42M         20M        378M        347M
Swap:           99M        5.2M         94M
              total        used        free      shared  buff/cache   available
Mem:           926M        647M         43M         18M        234M        207M
Swap:           99M         15M         84M
              total        used        free      shared  buff/cache   available
Mem:           926M        648M         42M         18M        235M        206M
Swap:           99M         15M         84M
              total        used        free      shared  buff/cache   available
Mem:           926M        644M         42M         18M        239M        210M
Swap:           99M         19M         80M
              total        used        free      shared  buff/cache   available
Mem:           926M        644M         41M         18M        240M        210M
Swap:           99M         19M         80M
              total        used        free      shared  buff/cache   available
Mem:           926M        643M         42M         18M        240M        211M
Swap:           99M         19M         80M
              total        used        free      shared  buff/cache   available
Mem:           926M        644M         41M         18M        240M        211M
Swap:           99M         19M         80M
              total        used        free      shared  buff/cache   available
Mem:           926M        644M         41M         18M        240M        210M
Swap:           99M         19M         80M
              total        used        free      shared  buff/cache   available
Mem:           926M        644M         45M         18M        236M        210M
Swap:           99M         21M         78M
              total        used        free      shared  buff/cache   available
Mem:           926M        643M         46M         18M        236M        211M
Swap:           99M         21M         78M
              total        used        free      shared  buff/cache   available
Mem:           926M        642M         47M         18M        236M        212M
Swap:           99M         21M         78M
              total        used        free      shared  buff/cache   available
Mem:           926M        642M         47M         18M        236M        212M
Swap:           99M         21M         78M
              total        used        free      shared  buff/cache   available
Mem:           926M        642M         47M         18M        236M        212M
Swap:           99M         21M         78M
              total        used        free      shared  buff/cache   available
Mem:           926M        644M         44M         18M        237M        210M
Swap:           99M         21M         78M
              total        used        free      shared  buff/cache   available
Mem:           926M        645M         43M         18M        237M        209M
Swap:           99M         21M         78M
              total        used        free      shared  buff/cache   available
Mem:           926M        644M         44M         18M        237M        210M
Swap:           99M         21M         78M
              total        used        free      shared  buff/cache   available
Mem:           926M        643M         45M         18M        237M        211M
Swap:           99M         21M         78M
              total        used        free      shared  buff/cache   available
Mem:           926M        643M         45M         18M        237M        211M
Swap:           99M         21M         78M
              total        used        free      shared  buff/cache   available
Mem:           926M        645M         43M         18M        237M        209M
Swap:           99M         21M         78M
              total        used        free      shared  buff/cache   available
Mem:           926M        645M         43M         18M        237M        210M
Swap:           99M         21M         78M
              total        used        free      shared  buff/cache   available
Mem:           926M        645M         43M         18M        237M        210M
Swap:           99M         21M         78M
              total        used        free      shared  buff/cache   available
Mem:           926M        644M         43M         18M        237M        210M
Swap:           99M         21M         78M
              total        used        free      shared  buff/cache   available
Mem:           926M        644M         43M         18M        237M        210M
Swap:           99M         21M         78M
              total        used        free      shared  buff/cache   available
Mem:           926M        644M         43M         18M        237M        210M
Swap:           99M         21M         78M
              total        used        free      shared  buff/cache   available
Mem:           926M        644M         43M         18M        237M        210M
Swap:           99M         21M         78M
              total        used        free      shared  buff/cache   available
Mem:           926M        644M         43M         18M        237M        210M
Swap:           99M         21M         78M
              total        used        free      shared  buff/cache   available
Mem:           926M        644M         43M         18M        237M        210M
Swap:           99M         21M         78M
              total        used        free      shared  buff/cache   available
Mem:           926M        644M         43M         18M        237M        210M
Swap:           99M         21M         78M
              total        used        free      shared  buff/cache   available
Mem:           926M        644M         43M         18M        238M        210M
Swap:           99M         21M         78M
              total        used        free      shared  buff/cache   available
Mem:           926M        643M         44M         18M        238M        211M
Swap:           99M         21M         78M
              total        used        free      shared  buff/cache   available
Mem:           926M        643M         44M         18M        238M        212M
Swap:           99M         21M         78M
              total        used        free      shared  buff/cache   available
Mem:           926M        644M         43M         18M        238M        210M
Swap:           99M         21M         78M
              total        used        free      shared  buff/cache   available
Mem:           926M        645M         42M         18M        238M        210M
Swap:           99M         21M         78M
              total        used        free      shared  buff/cache   available
Mem:           926M        644M         43M         18M        238M        210M
Swap:           99M         21M         78M
              total        used        free      shared  buff/cache   available
Mem:           926M        643M         44M         18M        238M        211M
Swap:           99M         21M         78M
              total        used        free      shared  buff/cache   available
Mem:           926M        643M         44M         18M        238M        211M
Swap:           99M         21M         78M
              total        used        free      shared  buff/cache   available
Mem:           926M        644M         43M         18M        238M        211M
Swap:           99M         21M         78M
              total        used        free      shared  buff/cache   available
Mem:           926M        643M         43M         18M        238M        211M
Swap:           99M         21M         78M
              total        used        free      shared  buff/cache   available
Mem:           926M        644M         42M         18M        238M        210M
Swap:           99M         21M         78M
              total        used        free      shared  buff/cache   available
Mem:           926M        644M         42M         18M        239M        210M
Swap:           99M         21M         78M
              total        used        free      shared  buff/cache   available
Mem:           926M        644M         41M         18M        239M        210M
Swap:           99M         21M         78M
              total        used        free      shared  buff/cache   available
Mem:           926M        644M         41M         18M        239M        210M
Swap:           99M         21M         78M
              total        used        free      shared  buff/cache   available
Mem:           926M        645M         41M         18M        239M        210M
Swap:           99M         21M         78M
              total        used        free      shared  buff/cache   available
Mem:           926M        644M         43M         18M        238M        210M
Swap:           99M         21M         78M
              total        used        free      shared  buff/cache   available
Mem:           926M        644M         43M         18M        238M        210M
Swap:           99M         21M         78M
              total        used        free      shared  buff/cache   available
Mem:           926M        645M         42M         18M        238M        210M
Swap:           99M         21M         78M
              total        used        free      shared  buff/cache   available
Mem:           926M        645M         42M         18M        238M        210M
Swap:           99M         21M         78M
              total        used        free      shared  buff/cache   available
Mem:           926M        643M         43M         18M        238M        211M
Swap:           99M         21M         78M
              total        used        free      shared  buff/cache   available
Mem:           926M        645M         41M         18M        238M        209M
Swap:           99M         21M         78M
              total        used        free      shared  buff/cache   available
Mem:           926M        645M         41M         18M        238M        209M
Swap:           99M         21M         78M
              total        used        free      shared  buff/cache   available
Mem:           926M        644M         42M         18M        238M        210M
Swap:           99M         21M         78M
              total        used        free      shared  buff/cache   available
Mem:           926M        644M         42M         18M        238M        210M
Swap:           99M         21M         78M
              total        used        free      shared  buff/cache   available
Mem:           926M        645M         41M         18M        238M        209M
Swap:           99M         21M         78M
              total        used        free      shared  buff/cache   available
Mem:           926M        645M         41M         18M        238M        209M
Swap:           99M         21M         78M
              total        used        free      shared  buff/cache   available
Mem:           926M        645M         41M         18M        238M        209M
Swap:           99M         21M         78M
              total        used        free      shared  buff/cache   available
Mem:           926M        644M         43M         18M        238M        210M
Swap:           99M         21M         78M
              total        used        free      shared  buff/cache   available
Mem:           926M        644M         43M         18M        238M        210M
Swap:           99M         21M         78M
              total        used        free      shared  buff/cache   available
Mem:           926M        644M         43M         18M        238M        211M
Swap:           99M         21M         78M
              total        used        free      shared  buff/cache   available
Mem:           926M        644M         43M         18M        238M        211M
Swap:           99M         21M         78M
              total        used        free      shared  buff/cache   available
Mem:           926M        646M         41M         18M        238M        209M
Swap:           99M         21M         78M
              total        used        free      shared  buff/cache   available
Mem:           926M        645M         42M         18M        238M        210M
Swap:           99M         21M         78M
              total        used        free      shared  buff/cache   available
Mem:           926M        645M         41M         18M        238M        209M
Swap:           99M         21M         78M
              total        used        free      shared  buff/cache   available
Mem:           926M        645M         41M         18M        238M        209M
Swap:           99M         21M         78M
              total        used        free      shared  buff/cache   available
Mem:           926M        645M         46M         18M        233M        209M
Swap:           99M         21M         78M
              total        used        free      shared  buff/cache   available
Mem:           926M        644M         48M         18M        233M        211M
Swap:           99M         21M         78M
              total        used        free      shared  buff/cache   available
Mem:           926M        645M         46M         18M        233M        209M
Swap:           99M         21M         78M
              total        used        free      shared  buff/cache   available
Mem:           926M        644M         47M         18M        234M        211M
Swap:           99M         21M         78M
              total        used        free      shared  buff/cache   available
Mem:           926M        643M         48M         18M        234M        211M
Swap:           99M         21M         78M
              total        used        free      shared  buff/cache   available
Mem:           926M        645M         46M         18M        234M        210M
Swap:           99M         21M         78M
              total        used        free      shared  buff/cache   available
Mem:           926M        644M         46M         18M        234M        210M
Swap:           99M         21M         78M
              total        used        free      shared  buff/cache   available
Mem:           926M        644M         47M         18M        234M        211M
Swap:           99M         21M         78M
              total        used        free      shared  buff/cache   available
Mem:           926M        738M         49M         18M        138M        117M
Swap:           99M         97M        2.2M
              total        used        free      shared  buff/cache   available
Mem:           926M        233M        550M         18M        141M        622M
Swap:           99M         21M         78M
              total        used        free      shared  buff/cache   available
Mem:           926M        233M        543M         18M        148M        622M
Swap:           99M         21M         78M
              total        used        free      shared  buff/cache   available
Mem:           926M        234M        540M         18M        151M        621M
Swap:           99M         21M         78M
              total        used        free      shared  buff/cache   available
Mem:           926M        233M        541M         18M        151M        622M
Swap:           99M         21M         78M
              total        used        free      shared  buff/cache   available
Mem:           926M        234M        540M         18M        151M        621M
Swap:           99M         21M         78M
              total        used        free      shared  buff/cache   available
Mem:           926M        224M        549M         18M        152M        631M
Swap:           99M         18M         81M
